HEAD cfa08d5 start 2026-10-05T05:04:08Z nproc=4
Mem:           16094         911       10933         166        4734       15183
go version go1.26.8 linux/amd64
=== RUN 1 load: 0.46 0.80 1.51 at 05:04:08
--- PASS: TestStoreOutage_DoesNotPinPool (2.29s)
--- PASS: TestStoreOutage_DoesNotPinPool_ProductionPoolSize (2.29s)
ok  	github.com/Diansalas/igaming-platform/internal/providercred	5.620s
--- FAIL: TestResolutionIsolation_NormalOperation (2.95s)
--- PASS: TestResolutionIsolation_OneTenantStoreOutage (3.23s)
--- PASS: TestResolutionIsolation_MultipleTenantsOutage (4.49s)
--- PASS: TestResolutionIsolation_SimultaneousOnset_Bounded (4.46s)
--- PASS: TestResolutionIsolation_ConnectionExhaustion (2.96s)
--- PASS: TestResolutionIsolation_FinancialDuringOutage (2.86s)
FAIL
FAIL	github.com/Diansalas/igaming-platform/internal/httpserver	21.069s
FAIL
=== RUN 2 load: 0.80 0.85 1.51 at 05:04:38
--- PASS: TestStoreOutage_DoesNotPinPool (2.26s)
--- PASS: TestStoreOutage_DoesNotPinPool_ProductionPoolSize (2.30s)
ok  	github.com/Diansalas/igaming-platform/internal/providercred	5.607s
--- FAIL: TestResolutionIsolation_NormalOperation (3.17s)
--- PASS: TestResolutionIsolation_OneTenantStoreOutage (3.25s)
--- PASS: TestResolutionIsolation_MultipleTenantsOutage (4.58s)
--- PASS: TestResolutionIsolation_SimultaneousOnset_Bounded (4.42s)
--- PASS: TestResolutionIsolation_ConnectionExhaustion (2.87s)
--- PASS: TestResolutionIsolation_FinancialDuringOutage (2.82s)
FAIL
FAIL	github.com/Diansalas/igaming-platform/internal/httpserver	21.238s
FAIL
=== RUN 3 load: 1.31 0.96 1.52 at 05:05:08
--- PASS: TestStoreOutage_DoesNotPinPool (2.36s)
--- PASS: TestStoreOutage_DoesNotPinPool_ProductionPoolSize (2.29s)
ok  	github.com/Diansalas/igaming-platform/internal/providercred	5.703s
--- FAIL: TestResolutionIsolation_NormalOperation (3.05s)
--- PASS: TestResolutionIsolation_OneTenantStoreOutage (3.23s)
--- PASS: TestResolutionIsolation_MultipleTenantsOutage (4.45s)
--- PASS: TestResolutionIsolation_SimultaneousOnset_Bounded (4.42s)
--- PASS: TestResolutionIsolation_ConnectionExhaustion (2.95s)
--- PASS: TestResolutionIsolation_FinancialDuringOutage (2.81s)
FAIL
FAIL	github.com/Diansalas/igaming-platform/internal/httpserver	21.037s
FAIL
=== RUN 4 load: 1.46 1.02 1.52 at 05:05:38
--- PASS: TestStoreOutage_DoesNotPinPool (2.31s)
--- PASS: TestStoreOutage_DoesNotPinPool_ProductionPoolSize (2.25s)
ok  	github.com/Diansalas/igaming-platform/internal/providercred	5.599s
--- FAIL: TestResolutionIsolation_NormalOperation (2.87s)
--- PASS: TestResolutionIsolation_OneTenantStoreOutage (3.17s)
--- PASS: TestResolutionIsolation_MultipleTenantsOutage (4.54s)
--- PASS: TestResolutionIsolation_SimultaneousOnset_Bounded (4.45s)
--- PASS: TestResolutionIsolation_ConnectionExhaustion (2.93s)
--- PASS: TestResolutionIsolation_FinancialDuringOutage (2.71s)
FAIL
FAIL	github.com/Diansalas/igaming-platform/internal/httpserver	20.774s
FAIL
=== RUN 5 load: 1.74 1.11 1.54 at 05:06:08
--- PASS: TestStoreOutage_DoesNotPinPool (2.28s)
--- PASS: TestStoreOutage_DoesNotPinPool_ProductionPoolSize (2.34s)
ok  	github.com/Diansalas/igaming-platform/internal/providercred	5.679s
--- FAIL: TestResolutionIsolation_NormalOperation (3.08s)
--- PASS: TestResolutionIsolation_OneTenantStoreOutage (3.22s)
--- PASS: TestResolutionIsolation_MultipleTenantsOutage (4.49s)
--- PASS: TestResolutionIsolation_SimultaneousOnset_Bounded (4.32s)
--- PASS: TestResolutionIsolation_ConnectionExhaustion (2.98s)
--- PASS: TestResolutionIsolation_FinancialDuringOutage (2.74s)
FAIL
FAIL	github.com/Diansalas/igaming-platform/internal/httpserver	20.956s
FAIL
TIMING_LANE_DONE 2026-10-05T05:06:38Z
